Job ID:  834635
Node:    nid005229
Start:   Sat Aug 29 18:04:55 CEST 2026
=== C++ Compiler Version ===
g++ (Spack GCC) 14.2.0
make[1]: Entering directory '/users/course_00420/cnn-hpc4wc'
g++ -std=c++17 -O3 -march=native -mcpu=native -ftree-vectorize -fopenmp-simd -Wall -Wextra -Wpedantic -DNDEBUG -DNUM_RUNS=30 -DNUM_WARMUP_RUNS=10 -DBATCH_SIZE=1 -Isrc/cpp -o build/cnn_forward src/cpp/benchmark.cpp src/cpp/cnn_internals.cpp src/cpp/cnn.cpp
[1;32mBuild successful:[0m build/cnn_forward
make[1]: Leaving directory '/users/course_00420/cnn-hpc4wc'
Batch size: 1
Memory allocation is starting...
MNIST dataset successfully loaded.

Loading real weights...
Successfully loaded: ../python/weights_cpp/model_0_weight.bin
Successfully loaded: ../python/weights_cpp/model_0_bias.bin
Successfully loaded: ../python/weights_cpp/model_3_weight.bin
Successfully loaded: ../python/weights_cpp/model_3_bias.bin
Successfully loaded: ../python/weights_cpp/model_6_weight.bin
Successfully loaded: ../python/weights_cpp/model_6_bias.bin
Successfully loaded: ../python/weights_cpp/model_10_weight.bin
Successfully loaded: ../python/weights_cpp/model_10_bias.bin
Runs: 30 measured, 10 warmup

==================================================
 -> Benchmarking Baseline Nested-Loop (WARM CACHE)
==================================================
--- Performance Benchmarking (30 Runs) ---
Running 10 warmup runs...
Warmup complete. Starting 30 benchmark runs...
=== Results ===
  Median cycles : 1.45692e+07
  Median time   : 0.00449035 s (4.49035 ms)



==================================================
 -> Benchmarking Baseline w. blocking (WARM CACHE)
==================================================
--- Performance Benchmarking (30 Runs) ---
Running 10 warmup runs...
Warmup complete. Starting 30 benchmark runs...
=== Results ===
  Median cycles : 5.96472e+06
  Median time   : 0.00182589 s (1.82589 ms)



==================================================
 -> Benchmarking Baseline w. im2col matrix multiplication (WARM CACHE)
==================================================
--- Performance Benchmarking (30 Runs) ---
Running 10 warmup runs...
Warmup complete. Starting 30 benchmark runs...
=== Results ===
  Median cycles : 1.84966e+06
  Median time   : 0.000565472 s (0.565472 ms)



==================================================
 -> Benchmarking Restructured Nested-Loop (WARM CACHE)
==================================================
--- Performance Benchmarking (30 Runs) ---
Running 10 warmup runs...
Warmup complete. Starting 30 benchmark runs...
=== Results ===
  Median cycles : 7.10068e+06
  Median time   : 0.00217637 s (2.17637 ms)



==================================================
 -> Benchmarking Hoisted Vars + restrict (WARM CACHE)
==================================================
--- Performance Benchmarking (30 Runs) ---
Running 10 warmup runs...
Warmup complete. Starting 30 benchmark runs...
=== Results ===
  Median cycles : 7.08594e+06
  Median time   : 0.0021721 s (2.1721 ms)



==================================================
 -> Benchmarking Reordered Nested-Loop (WARM CACHE)
==================================================
--- Performance Benchmarking (30 Runs) ---
Running 10 warmup runs...
Warmup complete. Starting 30 benchmark runs...
=== Results ===
  Median cycles : 5.30481e+06
  Median time   : 0.00163118 s (1.63118 ms)



==================================================
 -> Benchmarking Specialized Implementation (WARM CACHE)
==================================================
--- Performance Benchmarking (30 Runs) ---
Running 10 warmup runs...
Warmup complete. Starting 30 benchmark runs...
=== Results ===
  Median cycles : 3.31695e+06
  Median time   : 0.00101427 s (1.01427 ms)



==================================================
 -> Benchmarking NEON Blocked Implementation (WARM CACHE)
==================================================
--- Performance Benchmarking (30 Runs) ---
Running 10 warmup runs...
Warmup complete. Starting 30 benchmark runs...
=== Results ===
  Median cycles : 1.08206e+06
  Median time   : 0.0003308 s (0.3308 ms)



==================================================
 -> Benchmarking Specialized MaxPool2D (WARM CACHE)
==================================================
--- Performance Benchmarking (30 Runs) ---
Running 10 warmup runs...
Warmup complete. Starting 30 benchmark runs...
=== Results ===
  Median cycles : 1.07443e+06
  Median time   : 0.000328608 s (0.328608 ms)



=== Final Performance Summary ===

Implementation                             | vs Base      | Cycles               | Seconds       
-------------------------------------------------------------------------------------------------
Baseline Nested-Loop                       | 1.00x        | 14569208.00          | 0.004490      
Baseline w. blocking                       | 2.44x        | 5964722.50           | 0.001826      
Baseline w. im2col matrix multiplication   | 7.88x        | 1849665.00           | 0.000565      
Restructured Nested-Loop                   | 2.05x        | 7100685.00           | 0.002176      
Hoisted Vars + restrict                    | 2.06x        | 7085935.00           | 0.002172      
Reordered Nested-Loop                      | 2.75x        | 5304813.50           | 0.001631      
Specialized Implementation                 | 4.39x        | 3316945.50           | 0.001014      
NEON Blocked Implementation                | 13.46x       | 1082055.50           | 0.000331      
Specialized MaxPool2D                      | 13.56x       | 1074428.50           | 0.000329      

Benchmark sink: -11799.7

Batch size: 1
The network has successfully predicted the digit: 7

=== C++ (all implementations) vs Python/PyTorch (30 runs) ===
Implementation                             | Time           | Relative    
--------------------------------------------------------------------------
Python/PyTorch                             | 0.000322 s     | -           
Baseline Nested-Loop                       | 0.004490 s     | Py 13.93x   
Baseline w. blocking                       | 0.001826 s     | Py 5.66x    
Baseline w. im2col matrix multiplication   | 0.000565 s     | Py 1.75x    
Restructured Nested-Loop                   | 0.002176 s     | Py 6.75x    
Hoisted Vars + restrict                    | 0.002172 s     | Py 6.74x    
Reordered Nested-Loop                      | 0.001631 s     | Py 5.06x    
Specialized Implementation                 | 0.001014 s     | Py 3.15x    
NEON Blocked Implementation                | 0.000331 s     | Py 1.03x    
Specialized MaxPool2D                      | 0.000329 s     | Py 1.02x    
End:     Sat Aug 29 18:05:06 CEST 2026
